[backblue.gif]
[fade.gif]
[index.html]
[www.orion-solutions.com/ORION logo.png]
[www.orion-solutions.com/neuronMatrix_masthead.png]
[www.orion-solutions.com/montage2.png]
[www.orion-solutions.com/index.html]
[www.orion-solutions.com/waterBubbleBlue.jpg]
[www.orion-solutions.com/alt_button.png]
[www.orion-solutions.com/altlight.png]
[www.orion-solutions.com/css_alt.css]
[www.orion-solutions.com/index-2.html]
[www.orion-solutions.com/aboutbusiness.png]
[www.orion-solutions.com/aboutus.html]
[www.orion-solutions.com/chess_1.png]
[www.orion-solutions.com/littleDiagonalSquares_blue.gif]
[www.orion-solutions.com/solutions.html]
[www.orion-solutions.com/office_curve_1.jpg]
[www.orion-solutions.com/industries.html]
[www.orion-solutions.com/chain3.png]
[www.orion-solutions.com/partnerships.html]
[www.orion-solutions.com/team.jpg]
[www.orion-solutions.com/careers.html]
[www.orion-solutions.com/mail4.png]
[www.orion-solutions.com/contact.html]
[www.orion-solutions.com/compass.png]
[www.orion-solutions.com/sitemap.html]
[www.orion-solutions.com/ORION logo_SM.png]
[www.orion-solutions.com/Opening.png]
[www.orion-solutions.com/strategy.html]
[www.orion-solutions.com/science_sm.png]
[www.orion-solutions.com/evidence.html]
[www.orion-solutions.com/Bridge.png]
[www.orion-solutions.com/maconsulting.html]
[www.orion-solutions.com/Folders.png]
[www.orion-solutions.com/familybiz.html]
[www.orion-solutions.com/training_room_2.jpg]
[www.orion-solutions.com/humancapital.html]
[www.orion-solutions.com/coins.png]
[www.orion-solutions.com/finance.html]
[www.orion-solutions.com/staff.png]
[www.orion-solutions.com/healthcare.html]
[www.orion-solutions.com/infotech.png]
[www.orion-solutions.com/infotech.html]
[www.orion-solutions.com/pillars.png]
[www.orion-solutions.com/nonprofit.html]
[www.orion-solutions.com/circuitry.jpg]
[www.orion-solutions.com/isd.html]
[www.orion-solutions.com/bluewaves.jpg]
[www.orion-solutions.com/interactive.html]
[www.orion-solutions.com/coins_3.jpg]
[www.orion-solutions.com/emigrant_logo.png]
[www.orion-solutions.com/capital.html]
[www.orion-solutions.com/mouse.jpg]
[www.orion-solutions.com/ehe_logo.png]
[www.orion-solutions.com/wbtraining.html]
[www.orion-solutions.com/Admin@orion-solutions.html]
